[      40ms] [ERROR] Failed to load resource: the server responded with a status of 404 (Not Found) @ http://localhost:3000/manifest.webmanifest:0
[      67ms] [ERROR] Manifest fetch from http://localhost:3000/manifest.webmanifest failed, code 404 @ http://localhost:3000/fr:0
[     668ms] [INFO] %cDownload the React DevTools for a better development experience: https://react.dev/link/react-devtools font-weight:bold @ http://localhost:3000/_next/static/chunks/477c3_next_dist_compiled_react-dom_c28afd._.js:13948
[     874ms] [WARNING] Please ensure that the container has a non-static position, like 'relative', 'fixed', or 'absolute' to ensure scroll offset is calculated correctly. @ http://localhost:3000/_next/static/chunks/65154_framer-motion_dist_es_8e7074._.js:606
[     896ms] [LOG] %c[Vercel Web Analytics]%c Debug mode is enabled by default in development. No requests will be sent to the server. color: rgb(120, 120, 120) color: inherit @ https://va.vercel-scripts.com/v1/script.debug.js:0
[     897ms] [LOG] %c[Vercel Web Analytics]%c [view] http://localhost:3000/fr color: rgb(120, 120, 120) color: inherit {o: http://localhost:3000/fr, sv: 0.1.3, sdkn: @vercel/analytics/react, sdkv: 1.6.1, ts: 1778685762421} /_vercel/insights/view @ https://va.vercel-scripts.com/v1/script.debug.js:0
[     898ms] [LOG] %c[Vercel Speed Insights]%c Debug mode is enabled by default in development. No requests will be sent to the server. color: rgb(120, 120, 120) color: inherit @ https://va.vercel-scripts.com/v1/speed-insights/script.debug.js:0
[    1200ms] [ERROR] Failed to load resource: the server responded with a status of 404 (Not Found) @ http://localhost:3000/manifest.webmanifest:0
[    1280ms] [LOG] [Fast Refresh] rebuilding @ http://localhost:3000/_next/static/chunks/477c3_next_dist_client_d9db8c._.js:13661
[    1394ms] [ERROR] Manifest fetch from http://localhost:3000/manifest.webmanifest failed, code 404 @ http://localhost:3000/fr:0
[    1453ms] [LOG] [Fast Refresh] rebuilding @ http://localhost:3000/_next/static/chunks/477c3_next_dist_client_d9db8c._.js:13661
[    4578ms] [WARNING] The resource http://localhost:3000/_next/static/chunks/src_app_globals_b80590.css was preloaded using link preload but not used within a few seconds from the window's load event. Please make sure it has an appropriate `as` value and it is preloaded intentionally. @ http://localhost:3000/fr:0
[    4578ms] [WARNING] The resource http://localhost:3000/_next/static/chunks/%5Bnext%5D_internal_font_google_b9cb5b._.css was preloaded using link preload but not used within a few seconds from the window's load event. Please make sure it has an appropriate `as` value and it is preloaded intentionally. @ http://localhost:3000/fr:0
[    9337ms] [LOG] [Fast Refresh] rebuilding @ http://localhost:3000/_next/static/chunks/477c3_next_dist_client_d9db8c._.js:13661
[   44160ms] [ERROR] Failed to load resource: net::ERR_CONNECTION_TIMED_OUT @ https://raw.githack.com/pmndrs/drei-assets/456060a26bbeb8fdf79326f224b6d99b8bcce736/hdri/studio_small_03_1k.hdr:0
[   44192ms] Error: Could not load studio_small_03_1k.hdr: Failed to fetch
    at Object.onError (http://localhost:3000/_next/static/chunks/1291e_%40react-three_fiber_dist_e051e3._.js:1281:48)
    at http://localhost:3000/_next/static/chunks/add41_three_build_three_core_940606.js:17118:48
[   44204ms] [ERROR] %o

%s Error: Could not load studio_small_03_1k.hdr: Failed to fetch
    at Object.onError (http://localhost:3000/_next/static/chunks/1291e_%40react-three_fiber_dist_e051e3._.js:1281:48)
    at http://localhost:3000/_next/static/chunks/add41_three_build_three_core_940606.js:17118:48 The above error occurred in the <CanvasImpl> component. It was handled by the <ReactDevOverlay> error boundary. @ http://localhost:3000/_next/static/chunks/477c3_next_dist_client_d9db8c._.js:1189
[   44249ms] [LOG] [Fast Refresh] rebuilding @ http://localhost:3000/_next/static/chunks/477c3_next_dist_client_d9db8c._.js:13661
[   44765ms] [LOG] THREE.WebGLRenderer: Context Lost. @ http://localhost:3000/_next/static/chunks/add41_three_build_three_module_a9fb6b.js:9648
[   47267ms] [WARNING] The resource http://localhost:3000/_next/static/chunks/src_app_globals_b80590.css was preloaded using link preload but not used within a few seconds from the window's load event. Please make sure it has an appropriate `as` value and it is preloaded intentionally. @ http://localhost:3000/fr:0
[   47267ms] [WARNING] The resource http://localhost:3000/_next/static/chunks/%5Bnext%5D_internal_font_google_b9cb5b._.css was preloaded using link preload but not used within a few seconds from the window's load event. Please make sure it has an appropriate `as` value and it is preloaded intentionally. @ http://localhost:3000/fr:0
[  169428ms] [LOG] [Fast Refresh] rebuilding @ http://localhost:3000/_next/static/chunks/477c3_next_dist_client_d9db8c._.js:13661
[  169507ms] [LOG] [Fast Refresh] rebuilding @ http://localhost:3000/_next/static/chunks/477c3_next_dist_client_d9db8c._.js:13661
[  180626ms] [LOG] [Fast Refresh] rebuilding @ http://localhost:3000/_next/static/chunks/477c3_next_dist_client_d9db8c._.js:13661
[  180688ms] [LOG] [Fast Refresh] rebuilding @ http://localhost:3000/_next/static/chunks/477c3_next_dist_client_d9db8c._.js:13661
[  181081ms] [WARNING] [Fast Refresh] performing full reload because your application had an unrecoverable error @ http://localhost:3000/_next/static/chunks/477c3_next_dist_client_d9db8c._.js:13736
[  181084ms] [LOG] [Fast Refresh] done in 396ms @ http://localhost:3000/_next/static/chunks/477c3_next_dist_client_d9db8c._.js:13488
[  181133ms] [LOG] [Fast Refresh] rebuilding @ http://localhost:3000/_next/static/chunks/477c3_next_dist_client_d9db8c._.js:13661
[  181217ms] [LOG] [Fast Refresh] rebuilding @ http://localhost:3000/_next/static/chunks/477c3_next_dist_client_d9db8c._.js:13661
[  183628ms] [LOG] [Fast Refresh] rebuilding @ http://localhost:3000/_next/static/chunks/477c3_next_dist_client_d9db8c._.js:13661
[  184089ms] [WARNING] The resource http://localhost:3000/_next/static/chunks/src_app_globals_b80590.css was preloaded using link preload but not used within a few seconds from the window's load event. Please make sure it has an appropriate `as` value and it is preloaded intentionally. @ http://localhost:3000/fr:0
[  184090ms] [WARNING] The resource http://localhost:3000/_next/static/chunks/%5Bnext%5D_internal_font_google_b9cb5b._.css was preloaded using link preload but not used within a few seconds from the window's load event. Please make sure it has an appropriate `as` value and it is preloaded intentionally. @ http://localhost:3000/fr:0
[  184465ms] [LOG] %c[Vercel Speed Insights]%c [vitals] color: rgb(120, 120, 120) color: inherit {speed: 4g, metrics: Array(3), scriptVersion: 0.1.3, sdkName: @vercel/speed-insights/next, sdkVersion: 1.3.1} /_vercel/speed-insights/vitals @ https://va.vercel-scripts.com/v1/speed-insights/script.debug.js:0
[  184466ms] [LOG] %c[Vercel Speed Insights]%c [vitals] color: rgb(120, 120, 120) color: inherit {speed: 4g, metrics: Array(1), scriptVersion: 0.1.3, sdkName: @vercel/speed-insights/next, sdkVersion: 1.3.1} /_vercel/speed-insights/vitals @ https://va.vercel-scripts.com/v1/speed-insights/script.debug.js:0
