[     951ms] [INFO] %cDownload the React DevTools for a better development experience: https://react.dev/link/react-devtools font-weight:bold @ http://localhost:3000/_next/static/chunks/477c3_next_dist_compiled_react-dom_c28afd._.js:13948
[    1306ms] [WARNING] Please ensure that the container has a non-static position, like 'relative', 'fixed', or 'absolute' to ensure scroll offset is calculated correctly. @ http://localhost:3000/_next/static/chunks/65154_framer-motion_dist_es_8e7074._.js:606
[    1406ms] [LOG] [Fast Refresh] rebuilding @ http://localhost:3000/_next/static/chunks/477c3_next_dist_client_d9db8c._.js:13661
[    1432ms] [ERROR] Failed to load resource: the server responded with a status of 404 (Not Found) @ http://localhost:3000/manifest.webmanifest:0
[    1534ms] [LOG] %c[Vercel Web Analytics]%c Debug mode is enabled by default in development. No requests will be sent to the server. color: rgb(120, 120, 120) color: inherit @ https://va.vercel-scripts.com/v1/script.debug.js:0
[    1535ms] [LOG] %c[Vercel Web Analytics]%c [view] http://localhost:3000/fr color: rgb(120, 120, 120) color: inherit {o: http://localhost:3000/fr, sv: 0.1.3, sdkn: @vercel/analytics/react, sdkv: 1.6.1, ts: 1778685689425} /_vercel/insights/view @ https://va.vercel-scripts.com/v1/script.debug.js:0
[    1540ms] [LOG] %c[Vercel Speed Insights]%c Debug mode is enabled by default in development. No requests will be sent to the server. color: rgb(120, 120, 120) color: inherit @ https://va.vercel-scripts.com/v1/speed-insights/script.debug.js:0
[    1559ms] [ERROR] Manifest fetch from http://localhost:3000/manifest.webmanifest failed, code 404 @ http://localhost:3000/fr:0
[    1718ms] [ERROR] %o

%s TypeError: Cannot read properties of undefined (reading 'ReactCurrentOwner')
    at $$$reconciler (http://localhost:3000/_next/static/chunks/be9e4_react-reconciler_dc1f2f._.js:399:54)
    at createRenderer (http://localhost:3000/_next/static/chunks/fc280_%40react-three_fiber_dist_c0cf69._.js:268:270)
    at [project]/node_modules/.pnpm/@react-three+fiber@8.18.0_@_7925f94ca4a0412d7be21aa5581398a6/node_modules/@react-three/fiber/dist/events-776716bd.esm.js [app-client] (ecmascript) (http://localhost:3000/_next/static/chunks/fc280_%40react-three_fiber_dist_c0cf69._.js:1727:36)
    at http://localhost:3000/_next/static/chunks/_f30c55._.js:693:27
    at runModuleExecutionHooks (http://localhost:3000/_next/static/chunks/_f30c55._.js:738:9)
    at instantiateModule (http://localhost:3000/_next/static/chunks/_f30c55._.js:691:9)
    at getOrInstantiateModuleFromParent (http://localhost:3000/_next/static/chunks/_f30c55._.js:624:12)
    at esmImport (http://localhost:3000/_next/static/chunks/_f30c55._.js:142:20)
    at [project]/node_modules/.pnpm/@react-three+fiber@8.18.0_@_7925f94ca4a0412d7be21aa5581398a6/node_modules/@react-three/fiber/dist/events-776716bd.esm.js [app-client] (ecmascript) <export F as useFrame> (http://localhost:3000/_next/static/chunks/fc280_%40react-three_fiber_dist_c0cf69._.js:2366:294)
    at http://localhost:3000/_next/static/chunks/_f30c55._.js:693:27
    at runModuleExecutionHooks (http://localhost:3000/_next/static/chunks/_f30c55._.js:738:9)
    at instantiateModule (http://localhost:3000/_next/static/chunks/_f30c55._.js:691:9)
    at getOrInstantiateModuleFromParent (http://localhost:3000/_next/static/chunks/_f30c55._.js:624:12)
    at esmImport (http://localhost:3000/_next/static/chunks/_f30c55._.js:142:20)
    at [project]/src/components/three/HeroScene.tsx [app-client] (ecmascript) (http://localhost:3000/_next/static/chunks/src_components_three_HeroScene_tsx_4a4cc0._.js:15:327)
    at http://localhost:3000/_next/static/chunks/_f30c55._.js:693:27
    at runModuleExecutionHooks (http://localhost:3000/_next/static/chunks/_f30c55._.js:738:9)
    at instantiateModule (http://localhost:3000/_next/static/chunks/_f30c55._.js:691:9)
    at getOrInstantiateModuleFromParent (http://localhost:3000/_next/static/chunks/_f30c55._.js:624:12)
    at esmImport (http://localhost:3000/_next/static/chunks/_f30c55._.js:142:20)
    at http://localhost:3000/_next/static/chunks/src_components_three_HeroScene_tsx_65a833._.js:19:16 The above error occurred in the <Lazy> component. It was handled by the <ReactDevOverlay> error boundary. @ http://localhost:3000/_next/static/chunks/477c3_next_dist_client_d9db8c._.js:1189
[    2114ms] [LOG] [Fast Refresh] rebuilding @ http://localhost:3000/_next/static/chunks/477c3_next_dist_client_d9db8c._.js:13661
[    2123ms] [LOG] [Fast Refresh] rebuilding @ http://localhost:3000/_next/static/chunks/477c3_next_dist_client_d9db8c._.js:13661
[    2585ms] [ERROR] Failed to load resource: the server responded with a status of 404 (Not Found) @ http://localhost:3000/favicon.ico:0
[    2609ms] [LOG] [Fast Refresh] rebuilding @ http://localhost:3000/_next/static/chunks/477c3_next_dist_client_d9db8c._.js:13661
[    2653ms] [LOG] [Fast Refresh] rebuilding @ http://localhost:3000/_next/static/chunks/477c3_next_dist_client_d9db8c._.js:13661
[    3158ms] [LOG] [Fast Refresh] rebuilding @ http://localhost:3000/_next/static/chunks/477c3_next_dist_client_d9db8c._.js:13661
[    3174ms] [ERROR] Failed to load resource: the server responded with a status of 404 (Not Found) @ http://localhost:3000/favicon.svg:0
[    6220ms] [WARNING] The resource http://localhost:3000/_next/static/chunks/src_app_globals_b80590.css was preloaded using link preload but not used within a few seconds from the window's load event. Please make sure it has an appropriate `as` value and it is preloaded intentionally. @ http://localhost:3000/fr:0
[    6220ms] [WARNING] The resource http://localhost:3000/_next/static/chunks/%5Bnext%5D_internal_font_google_b9cb5b._.css was preloaded using link preload but not used within a few seconds from the window's load event. Please make sure it has an appropriate `as` value and it is preloaded intentionally. @ http://localhost:3000/fr:0
[   14153ms] [LOG] [Fast Refresh] rebuilding @ http://localhost:3000/_next/static/chunks/477c3_next_dist_client_d9db8c._.js:13661
[   14213ms] [LOG] [Fast Refresh] rebuilding @ http://localhost:3000/_next/static/chunks/477c3_next_dist_client_d9db8c._.js:13661
[   53592ms] [LOG] [Fast Refresh] rebuilding @ http://localhost:3000/_next/static/chunks/477c3_next_dist_client_d9db8c._.js:13661
[   61108ms] [ERROR] ./src/components/three/HeroScene.tsx:4:1
Module not found: Can't resolve '@react-three/drei'
  2 |
  3 | import { Canvas, useFrame, useThree } from "@react-three/fiber";
> 4 | import { Environment } from "@react-three/drei";
    | ^^^^^^^^^^^^^^^^^^^^^^^^^^^^^^^^^^^^^^^^^^^^^^^^
  5 | import {
  6 |   EffectComposer,
  7 |   Bloom,

https://nextjs.org/docs/messages/module-not-found @ http://localhost:3000/_next/static/chunks/477c3_next_dist_client_d9db8c._.js:989
[   61108ms] [ERROR] ./src/components/three/HeroScene.tsx:3:1
Module not found: Can't resolve '@react-three/fiber'
  1 | "use client";
  2 |
> 3 | import { Canvas, useFrame, useThree } from "@react-three/fiber";
    | ^^^^^^^^^^^^^^^^^^^^^^^^^^^^^^^^^^^^^^^^^^^^^^^^^^^^^^^^^^^^^^^^
  4 | import { Environment } from "@react-three/drei";
  5 | import {
  6 |   EffectComposer,

https://nextjs.org/docs/messages/module-not-found @ http://localhost:3000/_next/static/chunks/477c3_next_dist_client_d9db8c._.js:989
[   61108ms] [ERROR] ./src/components/three/HeroScene.tsx:5:1
Module not found: Can't resolve '@react-three/postprocessing'
   3 | import { Canvas, useFrame, useThree } from "@react-three/fiber";
   4 | import { Environment } from "@react-three/drei";
>  5 | import {
     | ^^^^^^^^
>  6 |   EffectComposer,
     | ^^^^^^^^^^^^^^^^^
>  7 |   Bloom,
     | ^^^^^^^^^^^^^^^^^
>  8 |   ChromaticAberration,
     | ^^^^^^^^^^^^^^^^^
>  9 |   Noise,
     | ^^^^^^^^^^^^^^^^^
> 10 |   Vignette,
     | ^^^^^^^^^^^^^^^^^
> 11 | } from "@react-three/postprocessing";
     | ^^^^^^^^^^^^^^^^^^^^^^^^^^^^^^^^^^^^^^
  12 | import { BlendFunction } from "postprocessing";
  13 | import { Suspense, useMemo, useRef, useState, useEffect } from "react";
  14 | import * as THREE from "three";

https://nextjs.org/docs/messages/module-not-found @ http://localhost:3000/_next/static/chunks/477c3_next_dist_client_d9db8c._.js:989
[   62251ms] [LOG] [Fast Refresh] rebuilding @ http://localhost:3000/_next/static/chunks/477c3_next_dist_client_d9db8c._.js:13661
[   62304ms] [ERROR] ./src/components/three/HeroScene.tsx:4:1
Module not found: Can't resolve '@react-three/drei'
  2 |
  3 | import { Canvas, useFrame, useThree } from "@react-three/fiber";
> 4 | import { Environment } from "@react-three/drei";
    | ^^^^^^^^^^^^^^^^^^^^^^^^^^^^^^^^^^^^^^^^^^^^^^^^
  5 | import {
  6 |   EffectComposer,
  7 |   Bloom,

https://nextjs.org/docs/messages/module-not-found @ http://localhost:3000/_next/static/chunks/477c3_next_dist_client_d9db8c._.js:989
[   62305ms] [ERROR] ./src/components/three/HeroScene.tsx:3:1
Module not found: Can't resolve '@react-three/fiber'
  1 | "use client";
  2 |
> 3 | import { Canvas, useFrame, useThree } from "@react-three/fiber";
    | ^^^^^^^^^^^^^^^^^^^^^^^^^^^^^^^^^^^^^^^^^^^^^^^^^^^^^^^^^^^^^^^^
  4 | import { Environment } from "@react-three/drei";
  5 | import {
  6 |   EffectComposer,

https://nextjs.org/docs/messages/module-not-found @ http://localhost:3000/_next/static/chunks/477c3_next_dist_client_d9db8c._.js:989
[   62305ms] [ERROR] ./src/components/three/HeroScene.tsx:5:1
Module not found: Can't resolve '@react-three/postprocessing'
   3 | import { Canvas, useFrame, useThree } from "@react-three/fiber";
   4 | import { Environment } from "@react-three/drei";
>  5 | import {
     | ^^^^^^^^
>  6 |   EffectComposer,
     | ^^^^^^^^^^^^^^^^^
>  7 |   Bloom,
     | ^^^^^^^^^^^^^^^^^
>  8 |   ChromaticAberration,
     | ^^^^^^^^^^^^^^^^^
>  9 |   Noise,
     | ^^^^^^^^^^^^^^^^^
> 10 |   Vignette,
     | ^^^^^^^^^^^^^^^^^
> 11 | } from "@react-three/postprocessing";
     | ^^^^^^^^^^^^^^^^^^^^^^^^^^^^^^^^^^^^^^
  12 | import { BlendFunction } from "postprocessing";
  13 | import { Suspense, useMemo, useRef, useState, useEffect } from "react";
  14 | import * as THREE from "three";

https://nextjs.org/docs/messages/module-not-found @ http://localhost:3000/_next/static/chunks/477c3_next_dist_client_d9db8c._.js:989
[   67507ms] [LOG] [Fast Refresh] rebuilding @ http://localhost:3000/_next/static/chunks/477c3_next_dist_client_d9db8c._.js:13661
[   67605ms] [ERROR] ./src/components/three/HeroScene.tsx:4:1
Module not found: Can't resolve '@react-three/drei'
  2 |
  3 | import { Canvas, useFrame, useThree } from "@react-three/fiber";
> 4 | import { Environment } from "@react-three/drei";
    | ^^^^^^^^^^^^^^^^^^^^^^^^^^^^^^^^^^^^^^^^^^^^^^^^
  5 | import {
  6 |   EffectComposer,
  7 |   Bloom,

https://nextjs.org/docs/messages/module-not-found @ http://localhost:3000/_next/static/chunks/477c3_next_dist_client_d9db8c._.js:989
[   67605ms] [ERROR] ./src/components/three/HeroScene.tsx:3:1
Module not found: Can't resolve '@react-three/fiber'
  1 | "use client";
  2 |
> 3 | import { Canvas, useFrame, useThree } from "@react-three/fiber";
    | ^^^^^^^^^^^^^^^^^^^^^^^^^^^^^^^^^^^^^^^^^^^^^^^^^^^^^^^^^^^^^^^^
  4 | import { Environment } from "@react-three/drei";
  5 | import {
  6 |   EffectComposer,

https://nextjs.org/docs/messages/module-not-found @ http://localhost:3000/_next/static/chunks/477c3_next_dist_client_d9db8c._.js:989
[   67606ms] [ERROR] ./src/components/three/HeroScene.tsx:5:1
Module not found: Can't resolve '@react-three/postprocessing'
   3 | import { Canvas, useFrame, useThree } from "@react-three/fiber";
   4 | import { Environment } from "@react-three/drei";
>  5 | import {
     | ^^^^^^^^
>  6 |   EffectComposer,
     | ^^^^^^^^^^^^^^^^^
>  7 |   Bloom,
     | ^^^^^^^^^^^^^^^^^
>  8 |   ChromaticAberration,
     | ^^^^^^^^^^^^^^^^^
>  9 |   Noise,
     | ^^^^^^^^^^^^^^^^^
> 10 |   Vignette,
     | ^^^^^^^^^^^^^^^^^
> 11 | } from "@react-three/postprocessing";
     | ^^^^^^^^^^^^^^^^^^^^^^^^^^^^^^^^^^^^^^
  12 | import { BlendFunction } from "postprocessing";
  13 | import { Suspense, useMemo, useRef, useState, useEffect } from "react";
  14 | import * as THREE from "three";

https://nextjs.org/docs/messages/module-not-found @ http://localhost:3000/_next/static/chunks/477c3_next_dist_client_d9db8c._.js:989
[   67834ms] [LOG] [Fast Refresh] rebuilding @ http://localhost:3000/_next/static/chunks/477c3_next_dist_client_d9db8c._.js:13661
[   71123ms] [WARNING] [Fast Refresh] performing full reload

Fast Refresh will perform a full reload when you edit a file that's imported by modules outside of the React rendering tree.
You might have a file which exports a React component but also exports a value that is imported by a non-React component file.
Consider migrating the non-React component export to a separate file and importing it into both files.

It is also possible the parent component of the component you edited is a class component, which disables Fast Refresh.
Fast Refresh requires at least one parent function component in your React tree. @ http://localhost:3000/_next/static/chunks/%5Bturbopack%5D_browser_dev_hmr-client_d6d8d4._.js:114
[   71211ms] [WARNING] [Fast Refresh] performing full reload because your application had an unrecoverable error @ http://localhost:3000/_next/static/chunks/477c3_next_dist_client_d9db8c._.js:13736
[   71211ms] [LOG] [Fast Refresh] done in 3377ms @ http://localhost:3000/_next/static/chunks/477c3_next_dist_client_d9db8c._.js:13488
[   71217ms] [LOG] [Fast Refresh] rebuilding @ http://localhost:3000/_next/static/chunks/477c3_next_dist_client_d9db8c._.js:13661
[   71218ms] [LOG] [Fast Refresh] rebuilding @ http://localhost:3000/_next/static/chunks/477c3_next_dist_client_d9db8c._.js:13661
[   71624ms] [LOG] [Fast Refresh] rebuilding @ http://localhost:3000/_next/static/chunks/477c3_next_dist_client_d9db8c._.js:13661
[   72399ms] [LOG] [Fast Refresh] rebuilding @ http://localhost:3000/_next/static/chunks/477c3_next_dist_client_d9db8c._.js:13661
[   72454ms] [LOG] [Fast Refresh] rebuilding @ http://localhost:3000/_next/static/chunks/477c3_next_dist_client_d9db8c._.js:13661
[   72793ms] [LOG] [Fast Refresh] rebuilding @ http://localhost:3000/_next/static/chunks/477c3_next_dist_client_d9db8c._.js:13661
[   72845ms] [LOG] %c[Vercel Speed Insights]%c [vitals] color: rgb(120, 120, 120) color: inherit {speed: 4g, metrics: Array(3), scriptVersion: 0.1.3, sdkName: @vercel/speed-insights/next, sdkVersion: 1.3.1} /_vercel/speed-insights/vitals @ https://va.vercel-scripts.com/v1/speed-insights/script.debug.js:0
[   72845ms] [LOG] %c[Vercel Speed Insights]%c [vitals] color: rgb(120, 120, 120) color: inherit {speed: 4g, metrics: Array(1), scriptVersion: 0.1.3, sdkName: @vercel/speed-insights/next, sdkVersion: 1.3.1} /_vercel/speed-insights/vitals @ https://va.vercel-scripts.com/v1/speed-insights/script.debug.js:0
[   73127ms] [INFO] %cDownload the React DevTools for a better development experience: https://react.dev/link/react-devtools font-weight:bold @ http://localhost:3000/_next/static/chunks/477c3_next_dist_compiled_react-dom_c28afd._.js:13948
