[      27ms] [LOG] [Fast Refresh] rebuilding @ http://localhost:3001/_next/static/chunks/477c3_next_dist_client_d9db8c._.js:13661
[     102ms] [LOG] [Fast Refresh] rebuilding @ http://localhost:3001/_next/static/chunks/477c3_next_dist_client_d9db8c._.js:13661
[     255ms] [LOG] [Fast Refresh] rebuilding @ http://localhost:3001/_next/static/chunks/477c3_next_dist_client_d9db8c._.js:13661
[     278ms] [LOG] [Fast Refresh] rebuilding @ http://localhost:3001/_next/static/chunks/477c3_next_dist_client_d9db8c._.js:13661
[     296ms] [LOG] %c[Vercel Speed Insights]%c [vitals] color: rgb(120, 120, 120) color: inherit {speed: 4g, metrics: Array(3), scriptVersion: 0.1.3, sdkName: @vercel/speed-insights/next, sdkVersion: 1.3.1} /_vercel/speed-insights/vitals @ https://va.vercel-scripts.com/v1/speed-insights/script.debug.js:0
[     297ms] [LOG] %c[Vercel Speed Insights]%c [vitals] color: rgb(120, 120, 120) color: inherit {speed: 4g, metrics: Array(1), scriptVersion: 0.1.3, sdkName: @vercel/speed-insights/next, sdkVersion: 1.3.1} /_vercel/speed-insights/vitals @ https://va.vercel-scripts.com/v1/speed-insights/script.debug.js:0
[     501ms] [INFO] %cDownload the React DevTools for a better development experience: https://react.dev/link/react-devtools font-weight:bold @ http://localhost:3001/_next/static/chunks/477c3_next_dist_compiled_react-dom_c28afd._.js:13948
[     691ms] [LOG] [Fast Refresh] rebuilding @ http://localhost:3001/_next/static/chunks/477c3_next_dist_client_d9db8c._.js:13661
[     692ms] [LOG] %c[Vercel Web Analytics]%c Debug mode is enabled by default in development. No requests will be sent to the server. color: rgb(120, 120, 120) color: inherit @ https://va.vercel-scripts.com/v1/script.debug.js:0
[     693ms] [LOG] %c[Vercel Web Analytics]%c [view] http://localhost:3001/en/work/atlas-textiles color: rgb(120, 120, 120) color: inherit {o: http://localhost:3001/en/work/atlas-textiles, sv: 0.1.3, sdkn: @vercel/analytics/react, sdkv: 1.6.1, ts: 1778687205345} /_vercel/insights/view @ https://va.vercel-scripts.com/v1/script.debug.js:0
[     694ms] [LOG] %c[Vercel Speed Insights]%c Debug mode is enabled by default in development. No requests will be sent to the server. color: rgb(120, 120, 120) color: inherit @ https://va.vercel-scripts.com/v1/speed-insights/script.debug.js:0
[     952ms] [LOG] [Fast Refresh] rebuilding @ http://localhost:3001/_next/static/chunks/477c3_next_dist_client_d9db8c._.js:13661
[    1082ms] [LOG] [Fast Refresh] rebuilding @ http://localhost:3001/_next/static/chunks/477c3_next_dist_client_d9db8c._.js:13661
[    1103ms] [LOG] [Fast Refresh] rebuilding @ http://localhost:3001/_next/static/chunks/477c3_next_dist_client_d9db8c._.js:13661
[    1183ms] [LOG] [Fast Refresh] rebuilding @ http://localhost:3001/_next/static/chunks/477c3_next_dist_client_d9db8c._.js:13661
[    1288ms] [LOG] [Fast Refresh] rebuilding @ http://localhost:3001/_next/static/chunks/477c3_next_dist_client_d9db8c._.js:13661
[    1320ms] [LOG] [Fast Refresh] rebuilding @ http://localhost:3001/_next/static/chunks/477c3_next_dist_client_d9db8c._.js:13661
[    1421ms] [LOG] [Fast Refresh] rebuilding @ http://localhost:3001/_next/static/chunks/477c3_next_dist_client_d9db8c._.js:13661
[    1566ms] [LOG] [Fast Refresh] rebuilding @ http://localhost:3001/_next/static/chunks/477c3_next_dist_client_d9db8c._.js:13661
[    1591ms] [LOG] [Fast Refresh] rebuilding @ http://localhost:3001/_next/static/chunks/477c3_next_dist_client_d9db8c._.js:13661
[    4555ms] [LOG] [Fast Refresh] rebuilding @ http://localhost:3001/_next/static/chunks/477c3_next_dist_client_d9db8c._.js:13661
