[      28ms] [LOG] [Fast Refresh] rebuilding @ http://localhost:3001/_next/static/chunks/477c3_next_dist_client_d9db8c._.js:13661
[      82ms] [LOG] [Fast Refresh] rebuilding @ http://localhost:3001/_next/static/chunks/477c3_next_dist_client_d9db8c._.js:13661
[     134ms] [LOG] [Fast Refresh] rebuilding @ http://localhost:3001/_next/static/chunks/477c3_next_dist_client_d9db8c._.js:13661
[     248ms] [LOG] [Fast Refresh] rebuilding @ http://localhost:3001/_next/static/chunks/477c3_next_dist_client_d9db8c._.js:13661
[     285ms] [LOG] [Fast Refresh] rebuilding @ http://localhost:3001/_next/static/chunks/477c3_next_dist_client_d9db8c._.js:13661
[     312ms] [LOG] [Fast Refresh] rebuilding @ http://localhost:3001/_next/static/chunks/477c3_next_dist_client_d9db8c._.js:13661
[     313ms] [LOG] %c[Vercel Speed Insights]%c [vitals] color: rgb(120, 120, 120) color: inherit {speed: 4g, metrics: Array(2), scriptVersion: 0.1.3, sdkName: @vercel/speed-insights/next, sdkVersion: 1.3.1} /_vercel/speed-insights/vitals @ https://va.vercel-scripts.com/v1/speed-insights/script.debug.js:0
[     314ms] [LOG] %c[Vercel Speed Insights]%c [vitals] color: rgb(120, 120, 120) color: inherit {speed: 4g, metrics: Array(1), scriptVersion: 0.1.3, sdkName: @vercel/speed-insights/next, sdkVersion: 1.3.1} /_vercel/speed-insights/vitals @ https://va.vercel-scripts.com/v1/speed-insights/script.debug.js:0
[     502ms] [INFO] %cDownload the React DevTools for a better development experience: https://react.dev/link/react-devtools font-weight:bold @ http://localhost:3001/_next/static/chunks/477c3_next_dist_compiled_react-dom_c28afd._.js:13948
[     703ms] [LOG] [Fast Refresh] rebuilding @ http://localhost:3001/_next/static/chunks/477c3_next_dist_client_d9db8c._.js:13661
[     705ms] [LOG] %c[Vercel Web Analytics]%c Debug mode is enabled by default in development. No requests will be sent to the server. color: rgb(120, 120, 120) color: inherit @ https://va.vercel-scripts.com/v1/script.debug.js:0
[     706ms] [LOG] %c[Vercel Web Analytics]%c [view] http://localhost:3001/en/contact color: rgb(120, 120, 120) color: inherit {o: http://localhost:3001/en/contact, sv: 0.1.3, sdkn: @vercel/analytics/react, sdkv: 1.6.1, ts: 1778687217762} /_vercel/insights/view @ https://va.vercel-scripts.com/v1/script.debug.js:0
[     709ms] [LOG] %c[Vercel Speed Insights]%c Debug mode is enabled by default in development. No requests will be sent to the server. color: rgb(120, 120, 120) color: inherit @ https://va.vercel-scripts.com/v1/speed-insights/script.debug.js:0
[    1009ms] [LOG] [Fast Refresh] rebuilding @ http://localhost:3001/_next/static/chunks/477c3_next_dist_client_d9db8c._.js:13661
[    1093ms] [LOG] [Fast Refresh] rebuilding @ http://localhost:3001/_next/static/chunks/477c3_next_dist_client_d9db8c._.js:13661
[    1109ms] [LOG] [Fast Refresh] rebuilding @ http://localhost:3001/_next/static/chunks/477c3_next_dist_client_d9db8c._.js:13661
[    1177ms] [LOG] [Fast Refresh] rebuilding @ http://localhost:3001/_next/static/chunks/477c3_next_dist_client_d9db8c._.js:13661
[    1206ms] [LOG] [Fast Refresh] rebuilding @ http://localhost:3001/_next/static/chunks/477c3_next_dist_client_d9db8c._.js:13661
[    1328ms] [LOG] [Fast Refresh] rebuilding @ http://localhost:3001/_next/static/chunks/477c3_next_dist_client_d9db8c._.js:13661
[    1346ms] [LOG] [Fast Refresh] rebuilding @ http://localhost:3001/_next/static/chunks/477c3_next_dist_client_d9db8c._.js:13661
[    1450ms] [LOG] [Fast Refresh] rebuilding @ http://localhost:3001/_next/static/chunks/477c3_next_dist_client_d9db8c._.js:13661
[    1665ms] [LOG] [Fast Refresh] rebuilding @ http://localhost:3001/_next/static/chunks/477c3_next_dist_client_d9db8c._.js:13661
[    1719ms] [LOG] [Fast Refresh] rebuilding @ http://localhost:3001/_next/static/chunks/477c3_next_dist_client_d9db8c._.js:13661
[    1786ms] [LOG] [Fast Refresh] rebuilding @ http://localhost:3001/_next/static/chunks/477c3_next_dist_client_d9db8c._.js:13661
[    1893ms] [LOG] [Fast Refresh] rebuilding @ http://localhost:3001/_next/static/chunks/477c3_next_dist_client_d9db8c._.js:13661
[    1954ms] [LOG] [Fast Refresh] rebuilding @ http://localhost:3001/_next/static/chunks/477c3_next_dist_client_d9db8c._.js:13661
[    2079ms] [LOG] [Fast Refresh] rebuilding @ http://localhost:3001/_next/static/chunks/477c3_next_dist_client_d9db8c._.js:13661
[    2088ms] [LOG] [Fast Refresh] rebuilding @ http://localhost:3001/_next/static/chunks/477c3_next_dist_client_d9db8c._.js:13661
[    2198ms] [LOG] [Fast Refresh] rebuilding @ http://localhost:3001/_next/static/chunks/477c3_next_dist_client_d9db8c._.js:13661
[    2269ms] [LOG] [Fast Refresh] rebuilding @ http://localhost:3001/_next/static/chunks/477c3_next_dist_client_d9db8c._.js:13661
[    2288ms] [LOG] [Fast Refresh] rebuilding @ http://localhost:3001/_next/static/chunks/477c3_next_dist_client_d9db8c._.js:13661
[    2341ms] [LOG] [Fast Refresh] rebuilding @ http://localhost:3001/_next/static/chunks/477c3_next_dist_client_d9db8c._.js:13661
[    2424ms] [LOG] [Fast Refresh] rebuilding @ http://localhost:3001/_next/static/chunks/477c3_next_dist_client_d9db8c._.js:13661
[    2444ms] [LOG] [Fast Refresh] rebuilding @ http://localhost:3001/_next/static/chunks/477c3_next_dist_client_d9db8c._.js:13661
[    2593ms] [LOG] [Fast Refresh] rebuilding @ http://localhost:3001/_next/static/chunks/477c3_next_dist_client_d9db8c._.js:13661
[    2599ms] [LOG] [Fast Refresh] rebuilding @ http://localhost:3001/_next/static/chunks/477c3_next_dist_client_d9db8c._.js:13661
[    2684ms] [LOG] [Fast Refresh] rebuilding @ http://localhost:3001/_next/static/chunks/477c3_next_dist_client_d9db8c._.js:13661
[    2798ms] [LOG] [Fast Refresh] rebuilding @ http://localhost:3001/_next/static/chunks/477c3_next_dist_client_d9db8c._.js:13661
[    2825ms] [LOG] [Fast Refresh] rebuilding @ http://localhost:3001/_next/static/chunks/477c3_next_dist_client_d9db8c._.js:13661
[    2889ms] [LOG] [Fast Refresh] rebuilding @ http://localhost:3001/_next/static/chunks/477c3_next_dist_client_d9db8c._.js:13661
[    3003ms] [LOG] [Fast Refresh] rebuilding @ http://localhost:3001/_next/static/chunks/477c3_next_dist_client_d9db8c._.js:13661
[    3020ms] [LOG] [Fast Refresh] rebuilding @ http://localhost:3001/_next/static/chunks/477c3_next_dist_client_d9db8c._.js:13661
[    3101ms] [LOG] [Fast Refresh] rebuilding @ http://localhost:3001/_next/static/chunks/477c3_next_dist_client_d9db8c._.js:13661
[    3213ms] [LOG] [Fast Refresh] rebuilding @ http://localhost:3001/_next/static/chunks/477c3_next_dist_client_d9db8c._.js:13661
[    3222ms] [LOG] [Fast Refresh] rebuilding @ http://localhost:3001/_next/static/chunks/477c3_next_dist_client_d9db8c._.js:13661
[    3309ms] [LOG] [Fast Refresh] rebuilding @ http://localhost:3001/_next/static/chunks/477c3_next_dist_client_d9db8c._.js:13661
[    3457ms] [LOG] [Fast Refresh] rebuilding @ http://localhost:3001/_next/static/chunks/477c3_next_dist_client_d9db8c._.js:13661
[    3466ms] [LOG] [Fast Refresh] rebuilding @ http://localhost:3001/_next/static/chunks/477c3_next_dist_client_d9db8c._.js:13661
[    3544ms] [LOG] [Fast Refresh] rebuilding @ http://localhost:3001/_next/static/chunks/477c3_next_dist_client_d9db8c._.js:13661
[    3723ms] [LOG] [Fast Refresh] rebuilding @ http://localhost:3001/_next/static/chunks/477c3_next_dist_client_d9db8c._.js:13661
[    3731ms] [LOG] [Fast Refresh] rebuilding @ http://localhost:3001/_next/static/chunks/477c3_next_dist_client_d9db8c._.js:13661
[    3816ms] [LOG] [Fast Refresh] rebuilding @ http://localhost:3001/_next/static/chunks/477c3_next_dist_client_d9db8c._.js:13661
[    3932ms] [LOG] [Fast Refresh] rebuilding @ http://localhost:3001/_next/static/chunks/477c3_next_dist_client_d9db8c._.js:13661
[    3949ms] [LOG] [Fast Refresh] rebuilding @ http://localhost:3001/_next/static/chunks/477c3_next_dist_client_d9db8c._.js:13661
[    4024ms] [LOG] [Fast Refresh] rebuilding @ http://localhost:3001/_next/static/chunks/477c3_next_dist_client_d9db8c._.js:13661
[    4150ms] [LOG] [Fast Refresh] rebuilding @ http://localhost:3001/_next/static/chunks/477c3_next_dist_client_d9db8c._.js:13661
[    4163ms] [LOG] [Fast Refresh] rebuilding @ http://localhost:3001/_next/static/chunks/477c3_next_dist_client_d9db8c._.js:13661
[    4236ms] [LOG] [Fast Refresh] rebuilding @ http://localhost:3001/_next/static/chunks/477c3_next_dist_client_d9db8c._.js:13661
[    4368ms] [LOG] [Fast Refresh] rebuilding @ http://localhost:3001/_next/static/chunks/477c3_next_dist_client_d9db8c._.js:13661
[    4419ms] [LOG] [Fast Refresh] rebuilding @ http://localhost:3001/_next/static/chunks/477c3_next_dist_client_d9db8c._.js:13661
[   51852ms] [LOG] [Fast Refresh] rebuilding @ http://localhost:3001/_next/static/chunks/477c3_next_dist_client_d9db8c._.js:13661
[   51899ms] [LOG] [Fast Refresh] rebuilding @ http://localhost:3001/_next/static/chunks/477c3_next_dist_client_d9db8c._.js:13661
[   88120ms] [LOG] [Fast Refresh] rebuilding @ http://localhost:3001/_next/static/chunks/477c3_next_dist_client_d9db8c._.js:13661
[   88371ms] [LOG] [Fast Refresh] rebuilding @ http://localhost:3001/_next/static/chunks/477c3_next_dist_client_d9db8c._.js:13661
[   95291ms] [LOG] [Fast Refresh] rebuilding @ http://localhost:3001/_next/static/chunks/477c3_next_dist_client_d9db8c._.js:13661
[   95353ms] [LOG] [Fast Refresh] rebuilding @ http://localhost:3001/_next/static/chunks/477c3_next_dist_client_d9db8c._.js:13661
[   96826ms] [LOG] [Fast Refresh] rebuilding @ http://localhost:3001/_next/static/chunks/477c3_next_dist_client_d9db8c._.js:13661
[   96911ms] [LOG] [Fast Refresh] rebuilding @ http://localhost:3001/_next/static/chunks/477c3_next_dist_client_d9db8c._.js:13661
[   97044ms] [LOG] [Fast Refresh] rebuilding @ http://localhost:3001/_next/static/chunks/477c3_next_dist_client_d9db8c._.js:13661
[   97051ms] [LOG] [Fast Refresh] rebuilding @ http://localhost:3001/_next/static/chunks/477c3_next_dist_client_d9db8c._.js:13661
[   97082ms] [LOG] %c[Vercel Speed Insights]%c [vitals] color: rgb(120, 120, 120) color: inherit {speed: 4g, metrics: Array(4), scriptVersion: 0.1.3, sdkName: @vercel/speed-insights/next, sdkVersion: 1.3.1} /_vercel/speed-insights/vitals @ https://va.vercel-scripts.com/v1/speed-insights/script.debug.js:0
[   97098ms] [LOG] %c[Vercel Web Analytics]%c [view] http://localhost:3001/en/work color: rgb(120, 120, 120) color: inherit {o: http://localhost:3001/en/work, sv: 0.1.3, sdkn: @vercel/analytics/react, sdkv: 1.6.1, ts: 1778687314137} /_vercel/insights/view @ https://va.vercel-scripts.com/v1/script.debug.js:0
[   97131ms] [LOG] [Fast Refresh] rebuilding @ http://localhost:3001/_next/static/chunks/477c3_next_dist_client_d9db8c._.js:13661
[  103498ms] [LOG] [Fast Refresh] rebuilding @ http://localhost:3001/_next/static/chunks/477c3_next_dist_client_d9db8c._.js:13661
[  103576ms] [LOG] [Fast Refresh] rebuilding @ http://localhost:3001/_next/static/chunks/477c3_next_dist_client_d9db8c._.js:13661
[  103717ms] [LOG] [Fast Refresh] rebuilding @ http://localhost:3001/_next/static/chunks/477c3_next_dist_client_d9db8c._.js:13661
[  103740ms] [LOG] %c[Vercel Web Analytics]%c [view] http://localhost:3001/en/services/web color: rgb(120, 120, 120) color: inherit {o: http://localhost:3001/en/services/web, sv: 0.1.3, sdkn: @vercel/analytics/react, sdkv: 1.6.1, ts: 1778687320780} /_vercel/insights/view @ https://va.vercel-scripts.com/v1/script.debug.js:0
[  103770ms] [LOG] [Fast Refresh] rebuilding @ http://localhost:3001/_next/static/chunks/477c3_next_dist_client_d9db8c._.js:13661
[  121095ms] [LOG] [Fast Refresh] rebuilding @ http://localhost:3001/_next/static/chunks/477c3_next_dist_client_d9db8c._.js:13661
[  121136ms] [LOG] [Fast Refresh] rebuilding @ http://localhost:3001/_next/static/chunks/477c3_next_dist_client_d9db8c._.js:13661
[  121267ms] [LOG] [Fast Refresh] rebuilding @ http://localhost:3001/_next/static/chunks/477c3_next_dist_client_d9db8c._.js:13661
[  121306ms] [LOG] %c[Vercel Web Analytics]%c [view] http://localhost:3001/en/about color: rgb(120, 120, 120) color: inherit {o: http://localhost:3001/en/about, sv: 0.1.3, sdkn: @vercel/analytics/react, sdkv: 1.6.1, ts: 1778687338350} /_vercel/insights/view @ https://va.vercel-scripts.com/v1/script.debug.js:0
[  121307ms] [LOG] [Fast Refresh] rebuilding @ http://localhost:3001/_next/static/chunks/477c3_next_dist_client_d9db8c._.js:13661
[  121327ms] [LOG] [Fast Refresh] rebuilding @ http://localhost:3001/_next/static/chunks/477c3_next_dist_client_d9db8c._.js:13661
[  123727ms] [LOG] [Fast Refresh] rebuilding @ http://localhost:3001/_next/static/chunks/477c3_next_dist_client_d9db8c._.js:13661
[  123785ms] [LOG] [Fast Refresh] rebuilding @ http://localhost:3001/_next/static/chunks/477c3_next_dist_client_d9db8c._.js:13661
[  123879ms] [LOG] [Fast Refresh] rebuilding @ http://localhost:3001/_next/static/chunks/477c3_next_dist_client_d9db8c._.js:13661
[  123893ms] [LOG] [Fast Refresh] rebuilding @ http://localhost:3001/_next/static/chunks/477c3_next_dist_client_d9db8c._.js:13661
[  123962ms] [LOG] %c[Vercel Web Analytics]%c [view] http://localhost:3001/en/work color: rgb(120, 120, 120) color: inherit {o: http://localhost:3001/en/work, sv: 0.1.3, sdkn: @vercel/analytics/react, sdkv: 1.6.1, ts: 1778687341015} /_vercel/insights/view @ https://va.vercel-scripts.com/v1/script.debug.js:0
[  123978ms] [LOG] [Fast Refresh] rebuilding @ http://localhost:3001/_next/static/chunks/477c3_next_dist_client_d9db8c._.js:13661
[  126615ms] [LOG] [Fast Refresh] rebuilding @ http://localhost:3001/_next/static/chunks/477c3_next_dist_client_d9db8c._.js:13661
[  126670ms] [LOG] [Fast Refresh] rebuilding @ http://localhost:3001/_next/static/chunks/477c3_next_dist_client_d9db8c._.js:13661
[  126703ms] [LOG] [Fast Refresh] rebuilding @ http://localhost:3001/_next/static/chunks/477c3_next_dist_client_d9db8c._.js:13661
[  126813ms] [LOG] [Fast Refresh] rebuilding @ http://localhost:3001/_next/static/chunks/477c3_next_dist_client_d9db8c._.js:13661
[  127362ms] [LOG] [Fast Refresh] rebuilding @ http://localhost:3001/_next/static/chunks/477c3_next_dist_client_d9db8c._.js:13661
[  127380ms] [LOG] [Fast Refresh] rebuilding @ http://localhost:3001/_next/static/chunks/477c3_next_dist_client_d9db8c._.js:13661
[  127416ms] [LOG] [Fast Refresh] rebuilding @ http://localhost:3001/_next/static/chunks/477c3_next_dist_client_d9db8c._.js:13661
[  127678ms] [LOG] [Fast Refresh] rebuilding @ http://localhost:3001/_next/static/chunks/477c3_next_dist_client_d9db8c._.js:13661
[  127811ms] [LOG] %c[Vercel Web Analytics]%c [view] http://localhost:3001/en color: rgb(120, 120, 120) color: inherit {o: http://localhost:3001/en, sv: 0.1.3, sdkn: @vercel/analytics/react, sdkv: 1.6.1, ts: 1778687344823} /_vercel/insights/view @ https://va.vercel-scripts.com/v1/script.debug.js:0
[  127815ms] [WARNING] Please ensure that the container has a non-static position, like 'relative', 'fixed', or 'absolute' to ensure scroll offset is calculated correctly. @ http://localhost:3001/_next/static/chunks/65154_framer-motion_dist_es_8e7074._.js:606
[  127934ms] [LOG] [Fast Refresh] rebuilding @ http://localhost:3001/_next/static/chunks/477c3_next_dist_client_d9db8c._.js:13661
[  127974ms] [LOG] [Fast Refresh] rebuilding @ http://localhost:3001/_next/static/chunks/477c3_next_dist_client_d9db8c._.js:13661
[  128082ms] [LOG] [Fast Refresh] rebuilding @ http://localhost:3001/_next/static/chunks/477c3_next_dist_client_d9db8c._.js:13661
[  128364ms] [LOG] [Fast Refresh] rebuilding @ http://localhost:3001/_next/static/chunks/477c3_next_dist_client_d9db8c._.js:13661
[  128367ms] [LOG] [Fast Refresh] rebuilding @ http://localhost:3001/_next/static/chunks/477c3_next_dist_client_d9db8c._.js:13661
[  128367ms] [LOG] [Fast Refresh] rebuilding @ http://localhost:3001/_next/static/chunks/477c3_next_dist_client_d9db8c._.js:13661
[  128390ms] [ERROR] Failed to load resource: the server responded with a status of 500 (Internal Server Error) @ http://localhost:3001/en?_rsc=1i2zz:0
[  128395ms] [LOG] [Fast Refresh] rebuilding @ http://localhost:3001/_next/static/chunks/477c3_next_dist_client_d9db8c._.js:13661
[  128554ms] [LOG] [Fast Refresh] rebuilding @ http://localhost:3001/_next/static/chunks/477c3_next_dist_client_d9db8c._.js:13661
[  128718ms] [LOG] [Fast Refresh] rebuilding @ http://localhost:3001/_next/static/chunks/477c3_next_dist_client_d9db8c._.js:13661
[  128963ms] [LOG] %c[Vercel Speed Insights]%c [vitals] color: rgb(120, 120, 120) color: inherit {speed: 4g, metrics: Array(1), scriptVersion: 0.1.3, sdkName: @vercel/speed-insights/next, sdkVersion: 1.3.1} /_vercel/speed-insights/vitals @ https://va.vercel-scripts.com/v1/speed-insights/script.debug.js:0
[  128963ms] [LOG] %c[Vercel Speed Insights]%c [vitals] color: rgb(120, 120, 120) color: inherit {speed: 4g, metrics: Array(1), scriptVersion: 0.1.3, sdkName: @vercel/speed-insights/next, sdkVersion: 1.3.1} /_vercel/speed-insights/vitals @ https://va.vercel-scripts.com/v1/speed-insights/script.debug.js:0
[  128967ms] [ERROR] Failed to load resource: the server responded with a status of 500 (Internal Server Error) @ http://localhost:3001/en:0
[  129411ms] [ERROR] Failed to load resource: the server responded with a status of 500 (Internal Server Error) @ http://localhost:3001/en:0
[  130835ms] [ERROR] Failed to load resource: the server responded with a status of 500 (Internal Server Error) @ http://localhost:3001/en:0
[  132200ms] [ERROR] Failed to load resource: the server responded with a status of 500 (Internal Server Error) @ http://localhost:3001/en:0
[  133606ms] [ERROR] Failed to load resource: the server responded with a status of 500 (Internal Server Error) @ http://localhost:3001/en:0
[  134982ms] [ERROR] Failed to load resource: the server responded with a status of 500 (Internal Server Error) @ http://localhost:3001/en:0
[  136383ms] [ERROR] Failed to load resource: the server responded with a status of 500 (Internal Server Error) @ http://localhost:3001/en:0
[  137738ms] [ERROR] Failed to load resource: the server responded with a status of 500 (Internal Server Error) @ http://localhost:3001/en:0
[  139125ms] [ERROR] Failed to load resource: the server responded with a status of 500 (Internal Server Error) @ http://localhost:3001/en:0
[  140548ms] [ERROR] Failed to load resource: the server responded with a status of 500 (Internal Server Error) @ http://localhost:3001/en:0
[  142483ms] [ERROR] Failed to load resource: the server responded with a status of 500 (Internal Server Error) @ http://localhost:3001/en:0
[  143977ms] [ERROR] Failed to load resource: the server responded with a status of 500 (Internal Server Error) @ http://localhost:3001/en:0
[  145351ms] [ERROR] Failed to load resource: the server responded with a status of 500 (Internal Server Error) @ http://localhost:3001/en:0
[  146750ms] [ERROR] Failed to load resource: the server responded with a status of 500 (Internal Server Error) @ http://localhost:3001/en:0
[  148140ms] [ERROR] Failed to load resource: the server responded with a status of 500 (Internal Server Error) @ http://localhost:3001/en:0
[  149536ms] [ERROR] Failed to load resource: the server responded with a status of 500 (Internal Server Error) @ http://localhost:3001/en:0
[  150943ms] [ERROR] Failed to load resource: the server responded with a status of 500 (Internal Server Error) @ http://localhost:3001/en:0
[  152312ms] [ERROR] Failed to load resource: the server responded with a status of 500 (Internal Server Error) @ http://localhost:3001/en:0
[  153729ms] [ERROR] Failed to load resource: the server responded with a status of 500 (Internal Server Error) @ http://localhost:3001/en:0
[  155098ms] [ERROR] Failed to load resource: the server responded with a status of 500 (Internal Server Error) @ http://localhost:3001/en:0
[  156467ms] [ERROR] Failed to load resource: the server responded with a status of 500 (Internal Server Error) @ http://localhost:3001/en:0
[  157963ms] [ERROR] Failed to load resource: the server responded with a status of 500 (Internal Server Error) @ http://localhost:3001/en:0
[  159329ms] [ERROR] Failed to load resource: the server responded with a status of 500 (Internal Server Error) @ http://localhost:3001/en:0
[  160727ms] [ERROR] Failed to load resource: the server responded with a status of 500 (Internal Server Error) @ http://localhost:3001/en:0
[  162070ms] [ERROR] Failed to load resource: the server responded with a status of 500 (Internal Server Error) @ http://localhost:3001/en:0
[  163488ms] [ERROR] Failed to load resource: the server responded with a status of 500 (Internal Server Error) @ http://localhost:3001/en:0
[  164894ms] [ERROR] Failed to load resource: the server responded with a status of 500 (Internal Server Error) @ http://localhost:3001/en:0
[  166221ms] [ERROR] Failed to load resource: the server responded with a status of 500 (Internal Server Error) @ http://localhost:3001/en:0
[  167579ms] [ERROR] Failed to load resource: the server responded with a status of 500 (Internal Server Error) @ http://localhost:3001/en:0
[  168896ms] [ERROR] Failed to load resource: the server responded with a status of 500 (Internal Server Error) @ http://localhost:3001/en:0
[  170271ms] [ERROR] Failed to load resource: the server responded with a status of 500 (Internal Server Error) @ http://localhost:3001/en:0
[  171660ms] [ERROR] Failed to load resource: the server responded with a status of 500 (Internal Server Error) @ http://localhost:3001/en:0
[  173049ms] [ERROR] Failed to load resource: the server responded with a status of 500 (Internal Server Error) @ http://localhost:3001/en:0
[  174444ms] [ERROR] Failed to load resource: the server responded with a status of 500 (Internal Server Error) @ http://localhost:3001/en:0
[  175823ms] [ERROR] Failed to load resource: the server responded with a status of 500 (Internal Server Error) @ http://localhost:3001/en:0
[  177239ms] [ERROR] Failed to load resource: the server responded with a status of 500 (Internal Server Error) @ http://localhost:3001/en:0
[  178596ms] [ERROR] Failed to load resource: the server responded with a status of 500 (Internal Server Error) @ http://localhost:3001/en:0
[  179960ms] [ERROR] Failed to load resource: the server responded with a status of 500 (Internal Server Error) @ http://localhost:3001/en:0
[  181336ms] [ERROR] Failed to load resource: the server responded with a status of 500 (Internal Server Error) @ http://localhost:3001/en:0
[  182695ms] [ERROR] Failed to load resource: the server responded with a status of 500 (Internal Server Error) @ http://localhost:3001/en:0
[  184039ms] [ERROR] Failed to load resource: the server responded with a status of 500 (Internal Server Error) @ http://localhost:3001/en:0
[  185375ms] [ERROR] Failed to load resource: the server responded with a status of 500 (Internal Server Error) @ http://localhost:3001/en:0
[  186759ms] [ERROR] Failed to load resource: the server responded with a status of 500 (Internal Server Error) @ http://localhost:3001/en:0
[  188137ms] [ERROR] Failed to load resource: the server responded with a status of 500 (Internal Server Error) @ http://localhost:3001/en:0
[  189526ms] [ERROR] Failed to load resource: the server responded with a status of 500 (Internal Server Error) @ http://localhost:3001/en:0
[  190896ms] [ERROR] Failed to load resource: the server responded with a status of 500 (Internal Server Error) @ http://localhost:3001/en:0
[  192277ms] [ERROR] Failed to load resource: the server responded with a status of 500 (Internal Server Error) @ http://localhost:3001/en:0
[  193651ms] [ERROR] Failed to load resource: the server responded with a status of 500 (Internal Server Error) @ http://localhost:3001/en:0
[  194990ms] [ERROR] Failed to load resource: the server responded with a status of 500 (Internal Server Error) @ http://localhost:3001/en:0
[  196347ms] [ERROR] Failed to load resource: the server responded with a status of 500 (Internal Server Error) @ http://localhost:3001/en:0
[  197713ms] [ERROR] Failed to load resource: the server responded with a status of 500 (Internal Server Error) @ http://localhost:3001/en:0
[  199826ms] [ERROR] Failed to load resource: the server responded with a status of 500 (Internal Server Error) @ http://localhost:3001/en:0
[  201180ms] [ERROR] Failed to load resource: the server responded with a status of 500 (Internal Server Error) @ http://localhost:3001/en:0
[  202566ms] [ERROR] Failed to load resource: the server responded with a status of 500 (Internal Server Error) @ http://localhost:3001/en:0
[  203942ms] [ERROR] Failed to load resource: the server responded with a status of 500 (Internal Server Error) @ http://localhost:3001/en:0
[  205282ms] [ERROR] Failed to load resource: the server responded with a status of 500 (Internal Server Error) @ http://localhost:3001/en:0
[  206694ms] [ERROR] Failed to load resource: the server responded with a status of 500 (Internal Server Error) @ http://localhost:3001/en:0
[  208067ms] [ERROR] Failed to load resource: the server responded with a status of 500 (Internal Server Error) @ http://localhost:3001/en:0
[  209485ms] [ERROR] Failed to load resource: the server responded with a status of 500 (Internal Server Error) @ http://localhost:3001/en:0
[  210874ms] [ERROR] Failed to load resource: the server responded with a status of 500 (Internal Server Error) @ http://localhost:3001/en:0
[  212261ms] [ERROR] Failed to load resource: the server responded with a status of 500 (Internal Server Error) @ http://localhost:3001/en:0
[  213537ms] [ERROR] Failed to load resource: the server responded with a status of 500 (Internal Server Error) @ http://localhost:3001/en:0
[  214856ms] [ERROR] Failed to load resource: the server responded with a status of 500 (Internal Server Error) @ http://localhost:3001/en:0
[  216222ms] [ERROR] Failed to load resource: the server responded with a status of 500 (Internal Server Error) @ http://localhost:3001/en:0
[  217579ms] [ERROR] Failed to load resource: the server responded with a status of 500 (Internal Server Error) @ http://localhost:3001/en:0
[  218970ms] [ERROR] Failed to load resource: the server responded with a status of 500 (Internal Server Error) @ http://localhost:3001/en:0
[  220411ms] [ERROR] Failed to load resource: the server responded with a status of 500 (Internal Server Error) @ http://localhost:3001/en:0
[  221816ms] [ERROR] Failed to load resource: the server responded with a status of 500 (Internal Server Error) @ http://localhost:3001/en:0
[  223197ms] [ERROR] Failed to load resource: the server responded with a status of 500 (Internal Server Error) @ http://localhost:3001/en:0
[  224550ms] [ERROR] Failed to load resource: the server responded with a status of 500 (Internal Server Error) @ http://localhost:3001/en:0
[  225905ms] [ERROR] Failed to load resource: the server responded with a status of 500 (Internal Server Error) @ http://localhost:3001/en:0
[  227273ms] [ERROR] Failed to load resource: the server responded with a status of 500 (Internal Server Error) @ http://localhost:3001/en:0
[  228635ms] [ERROR] Failed to load resource: the server responded with a status of 500 (Internal Server Error) @ http://localhost:3001/en:0
[  229979ms] [ERROR] Failed to load resource: the server responded with a status of 500 (Internal Server Error) @ http://localhost:3001/en:0
[  231372ms] [ERROR] Failed to load resource: the server responded with a status of 500 (Internal Server Error) @ http://localhost:3001/en:0
[  232765ms] [ERROR] Failed to load resource: the server responded with a status of 500 (Internal Server Error) @ http://localhost:3001/en:0
[  234127ms] [ERROR] Failed to load resource: the server responded with a status of 500 (Internal Server Error) @ http://localhost:3001/en:0
[  235516ms] [ERROR] Failed to load resource: the server responded with a status of 500 (Internal Server Error) @ http://localhost:3001/en:0
[  236817ms] [ERROR] Failed to load resource: the server responded with a status of 500 (Internal Server Error) @ http://localhost:3001/en:0
[  238227ms] [ERROR] Failed to load resource: the server responded with a status of 500 (Internal Server Error) @ http://localhost:3001/en:0
[  239566ms] [ERROR] Failed to load resource: the server responded with a status of 500 (Internal Server Error) @ http://localhost:3001/en:0
[  240957ms] [ERROR] Failed to load resource: the server responded with a status of 500 (Internal Server Error) @ http://localhost:3001/en:0
[  242217ms] [ERROR] Failed to load resource: the server responded with a status of 500 (Internal Server Error) @ http://localhost:3001/en:0
[  243608ms] [ERROR] Failed to load resource: the server responded with a status of 500 (Internal Server Error) @ http://localhost:3001/en:0
[  245026ms] [ERROR] Failed to load resource: the server responded with a status of 500 (Internal Server Error) @ http://localhost:3001/en:0
[  246429ms] [ERROR] Failed to load resource: the server responded with a status of 500 (Internal Server Error) @ http://localhost:3001/en:0
[  247806ms] [ERROR] Failed to load resource: the server responded with a status of 500 (Internal Server Error) @ http://localhost:3001/en:0
[  249158ms] [ERROR] Failed to load resource: the server responded with a status of 500 (Internal Server Error) @ http://localhost:3001/en:0
[  250572ms] [ERROR] Failed to load resource: the server responded with a status of 500 (Internal Server Error) @ http://localhost:3001/en:0
[  252002ms] [ERROR] Failed to load resource: the server responded with a status of 500 (Internal Server Error) @ http://localhost:3001/en:0
[  253415ms] [ERROR] Failed to load resource: the server responded with a status of 500 (Internal Server Error) @ http://localhost:3001/en:0
[  254825ms] [ERROR] Failed to load resource: the server responded with a status of 500 (Internal Server Error) @ http://localhost:3001/en:0
[  256219ms] [ERROR] Failed to load resource: the server responded with a status of 500 (Internal Server Error) @ http://localhost:3001/en:0
[  257607ms] [ERROR] Failed to load resource: the server responded with a status of 500 (Internal Server Error) @ http://localhost:3001/en:0
[  258994ms] [ERROR] Failed to load resource: the server responded with a status of 500 (Internal Server Error) @ http://localhost:3001/en:0
[  260376ms] [ERROR] Failed to load resource: the server responded with a status of 500 (Internal Server Error) @ http://localhost:3001/en:0
[  261791ms] [ERROR] Failed to load resource: the server responded with a status of 500 (Internal Server Error) @ http://localhost:3001/en:0
[  263223ms] [ERROR] Failed to load resource: the server responded with a status of 500 (Internal Server Error) @ http://localhost:3001/en:0
[  264588ms] [ERROR] Failed to load resource: the server responded with a status of 500 (Internal Server Error) @ http://localhost:3001/en:0
[  265997ms] [ERROR] Failed to load resource: the server responded with a status of 500 (Internal Server Error) @ http://localhost:3001/en:0
[  267329ms] [ERROR] Failed to load resource: the server responded with a status of 500 (Internal Server Error) @ http://localhost:3001/en:0
[  268687ms] [ERROR] Failed to load resource: the server responded with a status of 500 (Internal Server Error) @ http://localhost:3001/en:0
[  270024ms] [ERROR] Failed to load resource: the server responded with a status of 500 (Internal Server Error) @ http://localhost:3001/en:0
[  271425ms] [ERROR] Failed to load resource: the server responded with a status of 500 (Internal Server Error) @ http://localhost:3001/en:0
[  272845ms] [ERROR] Failed to load resource: the server responded with a status of 500 (Internal Server Error) @ http://localhost:3001/en:0
[  274283ms] [ERROR] Failed to load resource: the server responded with a status of 500 (Internal Server Error) @ http://localhost:3001/en:0
[  275659ms] [ERROR] Failed to load resource: the server responded with a status of 500 (Internal Server Error) @ http://localhost:3001/en:0
[  277084ms] [ERROR] Failed to load resource: the server responded with a status of 500 (Internal Server Error) @ http://localhost:3001/en:0
[  278444ms] [ERROR] Failed to load resource: the server responded with a status of 500 (Internal Server Error) @ http://localhost:3001/en:0
[  279762ms] [ERROR] Failed to load resource: the server responded with a status of 500 (Internal Server Error) @ http://localhost:3001/en:0
[  281155ms] [ERROR] Failed to load resource: the server responded with a status of 500 (Internal Server Error) @ http://localhost:3001/en:0
[  282530ms] [ERROR] Failed to load resource: the server responded with a status of 500 (Internal Server Error) @ http://localhost:3001/en:0
[  283927ms] [ERROR] Failed to load resource: the server responded with a status of 500 (Internal Server Error) @ http://localhost:3001/en:0
[  285320ms] [ERROR] Failed to load resource: the server responded with a status of 500 (Internal Server Error) @ http://localhost:3001/en:0
[  286724ms] [ERROR] Failed to load resource: the server responded with a status of 500 (Internal Server Error) @ http://localhost:3001/en:0
[  288024ms] [ERROR] Failed to load resource: the server responded with a status of 500 (Internal Server Error) @ http://localhost:3001/en:0
[  289402ms] [ERROR] Failed to load resource: the server responded with a status of 500 (Internal Server Error) @ http://localhost:3001/en:0
[  290784ms] [ERROR] Failed to load resource: the server responded with a status of 500 (Internal Server Error) @ http://localhost:3001/en:0
[  292150ms] [ERROR] Failed to load resource: the server responded with a status of 500 (Internal Server Error) @ http://localhost:3001/en:0
[  293575ms] [ERROR] Failed to load resource: the server responded with a status of 500 (Internal Server Error) @ http://localhost:3001/en:0
[  294949ms] [ERROR] Failed to load resource: the server responded with a status of 500 (Internal Server Error) @ http://localhost:3001/en:0
[  296310ms] [ERROR] Failed to load resource: the server responded with a status of 500 (Internal Server Error) @ http://localhost:3001/en:0
[  297681ms] [ERROR] Failed to load resource: the server responded with a status of 500 (Internal Server Error) @ http://localhost:3001/en:0
[  299049ms] [ERROR] Failed to load resource: the server responded with a status of 500 (Internal Server Error) @ http://localhost:3001/en:0
[  300390ms] [ERROR] Failed to load resource: the server responded with a status of 500 (Internal Server Error) @ http://localhost:3001/en:0
[  301816ms] [ERROR] Failed to load resource: the server responded with a status of 500 (Internal Server Error) @ http://localhost:3001/en:0
[  303241ms] [ERROR] Failed to load resource: the server responded with a status of 500 (Internal Server Error) @ http://localhost:3001/en:0
[  304682ms] [ERROR] Failed to load resource: the server responded with a status of 500 (Internal Server Error) @ http://localhost:3001/en:0
[  306041ms] [ERROR] Failed to load resource: the server responded with a status of 500 (Internal Server Error) @ http://localhost:3001/en:0
[  307417ms] [ERROR] Failed to load resource: the server responded with a status of 500 (Internal Server Error) @ http://localhost:3001/en:0
[  308838ms] [ERROR] Failed to load resource: the server responded with a status of 500 (Internal Server Error) @ http://localhost:3001/en:0
[  310191ms] [ERROR] Failed to load resource: the server responded with a status of 500 (Internal Server Error) @ http://localhost:3001/en:0
[  311519ms] [ERROR] Failed to load resource: the server responded with a status of 500 (Internal Server Error) @ http://localhost:3001/en:0
[  312789ms] [ERROR] Failed to load resource: the server responded with a status of 500 (Internal Server Error) @ http://localhost:3001/en:0
[  314231ms] [ERROR] Failed to load resource: the server responded with a status of 500 (Internal Server Error) @ http://localhost:3001/en:0
[  315683ms] [ERROR] Failed to load resource: the server responded with a status of 500 (Internal Server Error) @ http://localhost:3001/en:0
[  317119ms] [ERROR] Failed to load resource: the server responded with a status of 500 (Internal Server Error) @ http://localhost:3001/en:0
[  318598ms] [ERROR] Failed to load resource: the server responded with a status of 500 (Internal Server Error) @ http://localhost:3001/en:0
[  320133ms] [ERROR] Failed to load resource: the server responded with a status of 500 (Internal Server Error) @ http://localhost:3001/en:0
[  321545ms] [ERROR] Failed to load resource: the server responded with a status of 500 (Internal Server Error) @ http://localhost:3001/en:0
[  323001ms] [ERROR] Failed to load resource: the server responded with a status of 500 (Internal Server Error) @ http://localhost:3001/en:0
[  324466ms] [ERROR] Failed to load resource: the server responded with a status of 500 (Internal Server Error) @ http://localhost:3001/en:0
[  326000ms] [ERROR] Failed to load resource: the server responded with a status of 500 (Internal Server Error) @ http://localhost:3001/en:0
[  327487ms] [ERROR] Failed to load resource: the server responded with a status of 500 (Internal Server Error) @ http://localhost:3001/en:0
[  328796ms] [ERROR] Failed to load resource: the server responded with a status of 500 (Internal Server Error) @ http://localhost:3001/en:0
[  330228ms] [ERROR] Failed to load resource: the server responded with a status of 500 (Internal Server Error) @ http://localhost:3001/en:0
[  331661ms] [ERROR] Failed to load resource: the server responded with a status of 500 (Internal Server Error) @ http://localhost:3001/en:0
[  332996ms] [ERROR] Failed to load resource: the server responded with a status of 500 (Internal Server Error) @ http://localhost:3001/en:0
[  334392ms] [ERROR] Failed to load resource: the server responded with a status of 500 (Internal Server Error) @ http://localhost:3001/en:0
[  335778ms] [ERROR] Failed to load resource: the server responded with a status of 500 (Internal Server Error) @ http://localhost:3001/en:0
[  337168ms] [ERROR] Failed to load resource: the server responded with a status of 500 (Internal Server Error) @ http://localhost:3001/en:0
[  338562ms] [ERROR] Failed to load resource: the server responded with a status of 500 (Internal Server Error) @ http://localhost:3001/en:0
[  339974ms] [ERROR] Failed to load resource: the server responded with a status of 500 (Internal Server Error) @ http://localhost:3001/en:0
[  341358ms] [ERROR] Failed to load resource: the server responded with a status of 500 (Internal Server Error) @ http://localhost:3001/en:0
[  342779ms] [ERROR] Failed to load resource: the server responded with a status of 500 (Internal Server Error) @ http://localhost:3001/en:0
[  344167ms] [ERROR] Failed to load resource: the server responded with a status of 500 (Internal Server Error) @ http://localhost:3001/en:0
[  345563ms] [ERROR] Failed to load resource: the server responded with a status of 500 (Internal Server Error) @ http://localhost:3001/en:0
[  347055ms] [ERROR] Failed to load resource: the server responded with a status of 500 (Internal Server Error) @ http://localhost:3001/en:0
[  348465ms] [ERROR] Failed to load resource: the server responded with a status of 500 (Internal Server Error) @ http://localhost:3001/en:0
[  349879ms] [ERROR] Failed to load resource: the server responded with a status of 500 (Internal Server Error) @ http://localhost:3001/en:0
[  351289ms] [ERROR] Failed to load resource: the server responded with a status of 500 (Internal Server Error) @ http://localhost:3001/en:0
[  352776ms] [ERROR] Failed to load resource: the server responded with a status of 500 (Internal Server Error) @ http://localhost:3001/en:0
[  354096ms] [ERROR] Failed to load resource: the server responded with a status of 500 (Internal Server Error) @ http://localhost:3001/en:0
[  355484ms] [ERROR] Failed to load resource: the server responded with a status of 500 (Internal Server Error) @ http://localhost:3001/en:0
[  356821ms] [ERROR] Failed to load resource: the server responded with a status of 500 (Internal Server Error) @ http://localhost:3001/en:0
[  358147ms] [ERROR] Failed to load resource: the server responded with a status of 500 (Internal Server Error) @ http://localhost:3001/en:0
[  359510ms] [ERROR] Failed to load resource: the server responded with a status of 500 (Internal Server Error) @ http://localhost:3001/en:0
[  360828ms] [ERROR] Failed to load resource: the server responded with a status of 500 (Internal Server Error) @ http://localhost:3001/en:0
[  362407ms] [ERROR] Failed to load resource: the server responded with a status of 500 (Internal Server Error) @ http://localhost:3001/en:0
[  363777ms] [ERROR] Failed to load resource: the server responded with a status of 500 (Internal Server Error) @ http://localhost:3001/en:0
[  365108ms] [ERROR] Failed to load resource: the server responded with a status of 500 (Internal Server Error) @ http://localhost:3001/en:0
