[     170ms] [INFO] %cDownload the React DevTools for a better development experience: https://react.dev/link/react-devtools font-weight:bold @ http://localhost:3000/_next/static/chunks/477c3_next_dist_compiled_react-dom_c28afd._.js:13948
[     722ms] [ERROR] Failed to load resource: the server responded with a status of 404 (Not Found) @ http://localhost:3000/manifest.webmanifest:0
[     745ms] [ERROR] Manifest fetch from http://localhost:3000/manifest.webmanifest failed, code 404 @ http://localhost:3000/fr:0
[    1235ms] [INFO] %cDownload the React DevTools for a better development experience: https://react.dev/link/react-devtools font-weight:bold @ http://localhost:3000/_next/static/chunks/477c3_next_dist_compiled_react-dom_c28afd._.js:13948
[    1436ms] [WARNING] Please ensure that the container has a non-static position, like 'relative', 'fixed', or 'absolute' to ensure scroll offset is calculated correctly. @ http://localhost:3000/_next/static/chunks/65154_framer-motion_dist_es_8e7074._.js:606
[    1501ms] [LOG] %c[Vercel Web Analytics]%c Debug mode is enabled by default in development. No requests will be sent to the server. color: rgb(120, 120, 120) color: inherit @ https://va.vercel-scripts.com/v1/script.debug.js:0
[    1501ms] [LOG] %c[Vercel Web Analytics]%c [view] http://localhost:3000/fr color: rgb(120, 120, 120) color: inherit {o: http://localhost:3000/fr, sv: 0.1.3, sdkn: @vercel/analytics/react, sdkv: 1.6.1, ts: 1778685947759} /_vercel/insights/view @ https://va.vercel-scripts.com/v1/script.debug.js:0
[    1501ms] [LOG] %c[Vercel Speed Insights]%c Debug mode is enabled by default in development. No requests will be sent to the server. color: rgb(120, 120, 120) color: inherit @ https://va.vercel-scripts.com/v1/speed-insights/script.debug.js:0
[    1850ms] [LOG] [Fast Refresh] rebuilding @ http://localhost:3000/_next/static/chunks/477c3_next_dist_client_d9db8c._.js:13661
[    1861ms] [LOG] [Fast Refresh] rebuilding @ http://localhost:3000/_next/static/chunks/477c3_next_dist_client_d9db8c._.js:13661
[    1937ms] [ERROR] Failed to load resource: the server responded with a status of 404 (Not Found) @ http://localhost:3000/manifest.webmanifest:0
[    2113ms] [ERROR] Manifest fetch from http://localhost:3000/manifest.webmanifest failed, code 404 @ http://localhost:3000/fr:0
[    2129ms] [LOG] [Fast Refresh] rebuilding @ http://localhost:3000/_next/static/chunks/477c3_next_dist_client_d9db8c._.js:13661
[    5283ms] [WARNING] The resource http://localhost:3000/_next/static/chunks/src_app_globals_b80590.css was preloaded using link preload but not used within a few seconds from the window's load event. Please make sure it has an appropriate `as` value and it is preloaded intentionally. @ http://localhost:3000/fr:0
[    5283ms] [WARNING] The resource http://localhost:3000/_next/static/chunks/%5Bnext%5D_internal_font_google_b9cb5b._.css was preloaded using link preload but not used within a few seconds from the window's load event. Please make sure it has an appropriate `as` value and it is preloaded intentionally. @ http://localhost:3000/fr:0
[   32967ms] [LOG] [Fast Refresh] rebuilding @ http://localhost:3000/_next/static/chunks/477c3_next_dist_client_d9db8c._.js:13661
[   33063ms] [LOG] [Fast Refresh] rebuilding @ http://localhost:3000/_next/static/chunks/477c3_next_dist_client_d9db8c._.js:13661
[   33618ms] [LOG] [Fast Refresh] done in 555ms @ http://localhost:3000/_next/static/chunks/477c3_next_dist_client_d9db8c._.js:13488
[   38546ms] [LOG] [Fast Refresh] rebuilding @ http://localhost:3000/_next/static/chunks/477c3_next_dist_client_d9db8c._.js:13661
[   38609ms] [LOG] [Fast Refresh] rebuilding @ http://localhost:3000/_next/static/chunks/477c3_next_dist_client_d9db8c._.js:13661
[   38685ms] [LOG] [Fast Refresh] rebuilding @ http://localhost:3000/_next/static/chunks/477c3_next_dist_client_d9db8c._.js:13661
[   39155ms] [LOG] [Fast Refresh] done in 470ms @ http://localhost:3000/_next/static/chunks/477c3_next_dist_client_d9db8c._.js:13488
[   43934ms] [LOG] [Fast Refresh] rebuilding @ http://localhost:3000/_next/static/chunks/477c3_next_dist_client_d9db8c._.js:13661
[   43992ms] [LOG] [Fast Refresh] rebuilding @ http://localhost:3000/_next/static/chunks/477c3_next_dist_client_d9db8c._.js:13661
[   44726ms] [LOG] [Fast Refresh] done in 734ms @ http://localhost:3000/_next/static/chunks/477c3_next_dist_client_d9db8c._.js:13488
[   56176ms] [LOG] [Fast Refresh] rebuilding @ http://localhost:3000/_next/static/chunks/477c3_next_dist_client_d9db8c._.js:13661
[   56231ms] [LOG] [Fast Refresh] rebuilding @ http://localhost:3000/_next/static/chunks/477c3_next_dist_client_d9db8c._.js:13661
[   57495ms] [LOG] [Fast Refresh] done in 1264ms @ http://localhost:3000/_next/static/chunks/477c3_next_dist_client_d9db8c._.js:13488
[   58200ms] [LOG] THREE.WebGLRenderer: Context Lost. @ http://localhost:3000/_next/static/chunks/add41_three_build_three_module_a9fb6b.js:9648
[   60589ms] [WARNING] The resource http://localhost:3000/_next/static/chunks/%5Bnext%5D_internal_font_google_b9cb5b._.css was preloaded using link preload but not used within a few seconds from the window's load event. Please make sure it has an appropriate `as` value and it is preloaded intentionally. @ http://localhost:3000/fr:0
